     o o o    
     o o o    
 o o o o o o o
 o o . . . o o
 . . . . . . .
     . * .    
     . . .    
Geese play. Enter move:
Illegal move!
     o o o    
     o o o    
 o o o o o o o
 o o . . . o o
 . . . . . . .
     . * .    
     . . .    
Geese play. Enter move:
Illegal move!
     o o o    
     o o o    
 o o o o o o o
 o o . . . o o
 . . . . . . .
     . * .    
     . . .    
Geese play. Enter move:
     o o o    
     o o o    
 o o o o o o o
 o . . . . o o
 . o . . . . .
     . * .    
     . . .    
Fox plays. Enter move:
End of input reached. Goodbye.
