     o o o    
     o o o    
 o o o o o o o
 o o . . . o o
 . . . . . . .
     . * .    
     . . .    
Geese play. Enter move:
     o o o    
     o o o    
 o o o o o o o
 o o . . . o .
 . . . . . . o
     . * .    
     . . .    
Fox plays. Enter move:
     o o o    
     o o o    
 o o o o o o o
 o o . . . o .
 . . . * . . o
     . . .    
     . . .    
Geese play. Enter move:
     o o o    
     o o o    
 o o o . o o o
 o o . o . o .
 . . . * . . o
     . . .    
     . . .    
Fox plays. Enter move:
     o o o    
     o o o    
 o o o * o o o
 o o . . . o .
 . . . . . . o
     . . .    
     . . .    
Geese play. Enter move:
     o o o    
     o o o    
 o o o * . o o
 o o . . o o .
 . . . . . . o
     . . .    
     . . .    
Fox plays. Enter move:
     o o o    
     o o o    
 o o o . * o o
 o o . . o o .
 . . . . . . o
     . . .    
     . . .    
Geese play. Enter move:
     o o o    
     o . o    
 o o o o * o o
 o o . . o o .
 . . . . . . o
     . . .    
     . . .    
Fox plays. Enter move:
     o o o    
     o * o    
 o o o o . o o
 o o . . o o .
 . . . . . . o
     . . .    
     . . .    
Geese play. Enter move:
     o o o    
     o * o    
 o o o o . o o
 o o . o . o .
 . . . . . . o
     . . .    
     . . .    
Fox plays. Enter move:
     o o o    
     o . o    
 o o o o * o o
 o o . o . o .
 . . . . . . o
     . . .    
     . . .    
Geese play. Enter move:
     o o o    
     o . o    
 o o o o * o o
 . o . o . o .
 o . . . . . o
     . . .    
     . . .    
Fox plays. Enter move:
     o o o    
     o * o    
 o o o o . o o
 . o . o . o .
 o . . . . . o
     . . .    
     . . .    
Geese play. Enter move:
     o o o    
     o * o    
 o o o o o . o
 . o . o . o .
 o . . . . . o
     . . .    
     . . .    
Geese win!
